
[:stdout - 1]
/-/-/-/
task-bundles:
  ${REGISTRY}/acceptance/bundle:
    - digest: sha256:${REGISTRY_acceptance/bundle:tag_DIGEST}
      effective_on: "${TIMESTAMP}"
      tag: tag

---

[:stderr - 1]

---

[Fresh tags:stdout - 1]
/-/-/-/
task-bundles:
  ${REGISTRY}/acceptance/bundle:
    - digest: sha256:${REGISTRY_acceptance/bundle:tag_DIGEST}
      effective_on: "${TIMESTAMP}"
      tag: tag
    - digest: sha256:0af8c4f92f4b252b3ef0cbd712e7352196bc33a96c58b6e1d891b26e171deae8
      effective_on: "${TIMESTAMP}"
      tag: tag

---

[Fresh tags:stderr - 1]

---

[Pipeline definition is ignored from mixed bundle:stdout - 1]
/-/-/-/
task-bundles:
  ${REGISTRY}/acceptance/bundle:
    - digest: sha256:${REGISTRY_acceptance/bundle:tag_DIGEST}
      effective_on: "${TIMESTAMP}"
      tag: tag

---

[Pipeline definition is ignored from mixed bundle:stderr - 1]

---

[Pipeline definition is ignored on its own:stdout - 1]
/-/-/-/
{}

---

[Pipeline definition is ignored on its own:stderr - 1]

---
